
[1m[46m RUN [49m[22m [36mv4.0.18 [39m[90m/Users/bingomanatee/Documents/repos/wonderlandlabs-pixi-ux[39m

 [32m✓[39m packages/button-simple/test/ButtonSimpleStore.test.ts [2m([22m[2m15 tests[22m[2m)[22m[32m 25[2mms[22m[39m

[2m Test Files [22m [1m[32m1 passed[39m[22m[90m (1)[39m
[2m      Tests [22m [1m[32m15 passed[39m[22m[90m (15)[39m
[2m   Start at [22m 12:12:10
[2m   Duration [22m 636ms[2m (transform 69ms, setup 0ms, import 275ms, tests 25ms, environment 267ms)[22m

